// Jest Snapshot v1, https://goo.gl/fbAQLP

exports[`shows current profile 1`] = `
<View
  onLayout={[Function]}
  style={
    Object {
      "backgroundColor": undefined,
      "borderRadius": 64,
      "opacity": 0,
      "padding": 5,
      "width": "100%",
    }
  }
>
  <View
    style={
      Object {
        "flexDirection": "row",
      }
    }
  >
    <View
      style={
        Object {
          "height": 50,
          "opacity": 0,
          "transform": Array [
            Object {
              "translateX": -60,
            },
            Object {
              "rotate": "0deg",
            },
          ],
          "width": 50,
        }
      }
    >
      <Image
        resizeMode="cover"
        source={1}
        style={
          Object {
            "borderRadius": 50,
            "height": "100%",
            "width": "100%",
          }
        }
      />
    </View>
    <View
      style={
        Object {
          "alignItems": "center",
          "flex": 1,
          "justifyContent": "center",
          "opacity": 0,
          "paddingHorizontal": 15,
          "paddingRight": 20,
        }
      }
    >
      <Text
        style={
          Array [
            Object {
              "color": "#000000",
              "fontFamily": "System",
              "fontWeight": "400",
            },
            Object {
              "textAlign": "left",
            },
            Array [
              Object {
                "textAlign": "left",
              },
              Object {
                "color": "rgba(0, 0, 0, 0.87)",
                "fontFamily": "System",
                "fontWeight": "500",
                "writingDirection": "ltr",
              },
              Array [
                Object {
                  "fontSize": 20,
                  "letterSpacing": 0.15,
                  "lineHeight": 30,
                  "marginVertical": 2,
                },
                Object {
                  "textAlign": "center",
                },
              ],
            ],
          ]
        }
      >
        Welcome back, 
        <Text
          style={
            Array [
              Object {
                "color": "#000000",
                "fontFamily": "System",
                "fontWeight": "400",
              },
              Object {
                "textAlign": "left",
              },
              Object {
                "color": "#03dac4",
                "fontWeight": "bold",
              },
            ]
          }
          testID="username"
        >
          Kostya
        </Text>
        !
      </Text>
    </View>
  </View>
</View>
`;
